<area shape="rect" href="$class_discrete___observed___model.html" title="Class of discretely observed model." alt="" coords="118,80,299,107">
<area shape="rect" href="$class_continuous___discrete___model.html" title="Continuous Discrete Model: The continuous state :  The discrete Observation ." alt="" coords="6,155,198,181">
<area shape="rect" href="$class_gaussian___nonlinear___model.html" title="Gaussian Nonlinear Model The state : X(k) = F (Xk&#45;1, Wk) The Observation Y(k) = H..." alt="" coords="222,155,411,181">
<area shape="rect" href="$class_linear___c_d___model.html" title="Linear continuous discrete model class of the form dx = AX dt + Bdt + CdW Y_k = HX(t_k)..." alt="" coords="36,229,167,256">
<area shape="rect" href="$class_discrete___approximation___c_d___model.html" title="the continuous state equation is discretly approximate by X(tk) = f&#39;(X(tk&#45;1)..." alt="" coords="194,229,431,256">
<area shape="rect" href="$class_gaussian___linear___model.html" title="Gaussian Linear Model :." alt="" coords="455,229,626,256">
<area shape="rect" href="$class_euler___c_d___model.html" title="continuous discret model: the state SDE is discretly approximate by an Euler method..." alt="" coords="26,304,151,331">
<area shape="rect" href="$class_heun___c_d___model.html" title="continuous discret model: the state SDE is discretly approximate by an Sstochastic..." alt="" coords="175,304,300,331">
<area shape="rect" href="$class_ozaki___c_d___model.html" title="continuous discret model: the state SDE is discretly approximate by Ozaki method" alt="" coords="324,304,452,331">
<area shape="rect" href="$class_s_r_k4___c_d___model.html" title="continuous discret model: the state SDE is discretly approximate by an Sstochastic..." alt="" coords="476,304,604,331">
