<area shape="rect" href="$class_c_d___filter.html" title="Abstract class of continuous&#45;discrete filters." alt="" coords="112,107,192,133">
<area shape="rect" href="$class_g_a___filter.html" title="Abstract class of Gaussian Approximation filters." alt="" coords="112,259,192,285">
<area shape="rect" href="$class_s_i_s_r___filter.html" title="SISR_Filter" alt="" coords="107,385,197,412">
<area shape="rect" href="$class_c_d___extended___kalman___filter.html" title="CD_Extended_Kalman_Filter" alt="" coords="245,5,443,32">
<area shape="rect" href="$class_c_d___kalman.html" title="The continuous&#45;discrete kalman filter." alt="" coords="297,56,391,83">
<area shape="rect" href="$class_l_l___filter.html" title="LL_Filter" alt="" coords="307,107,381,133">
<area shape="rect" href="$class_t_h_g_l___filter.html" title="THGL_Filter" alt="" coords="296,157,392,184">
<area shape="rect" href="$class_d_d___kalman.html" title="The discrete&#45;discrete kalman filter." alt="" coords="297,208,391,235">
<area shape="rect" href="$class_extended___kalman___filter.html" title="Extended_Kalman_Filter" alt="" coords="259,259,429,285">
<area shape="rect" href="$class_unscented___kalman___filter.html" title="The Discrete Unscented Kalman Filter (UKF)." alt="" coords="255,309,433,336">
<area shape="rect" href="$class_bootstrap___filter.html" title="Bootstrap_Filter" alt="" coords="285,360,403,387">
<area shape="rect" href="$class_c_d___bootstrap___filter.html" title="CD_Bootstrap_Filter" alt="" coords="272,411,416,437">
<area shape="rect" href="$class_opt_s_i_s_r___filter.html" title="OptSISR_Filter" alt="" coords="288,461,400,488">
