<area shape="rect" href="$class_model.html" title="The class of time varying&#45;models." alt="" coords="5,56,64,83">
<area shape="rect" href="$class_discrete___observed___model.html" title="Class of discretely observed model." alt="" coords="113,56,295,83">
<area shape="rect" href="$class_continuous___discrete___model.html" title="Continuous Discrete Model: The continuous state :  The discrete Observation ." alt="" coords="345,31,537,57">
<area shape="rect" href="$class_gaussian___nonlinear___model.html" title="Gaussian Nonlinear Model The state : X(k) = F (Xk&#45;1, Wk) The Observation Y(k) = H..." alt="" coords="347,81,536,108">
<area shape="rect" href="$class_linear___c_d___model.html" title="Linear continuous discrete model class of the form dx = AX dt + Bdt + CdW Y_k = HX(t_k)..." alt="" coords="640,31,771,57">
<area shape="rect" href="$class_discrete___approximation___c_d___model.html" title="the continuous state equation is discretly approximate by X(tk) = f&#39;(X(tk&#45;1)..." alt="" coords="587,81,824,108">
<area shape="rect" href="$class_gaussian___linear___model.html" title="Gaussian Linear Model :." alt="" coords="620,132,791,159">
<area shape="rect" href="$class_euler___c_d___model.html" title="continuous discret model: the state SDE is discretly approximate by an Euler method..." alt="" coords="873,5,999,32">
<area shape="rect" href="$class_heun___c_d___model.html" title="continuous discret model: the state SDE is discretly approximate by an Sstochastic..." alt="" coords="873,56,999,83">
<area shape="rect" href="$class_ozaki___c_d___model.html" title="continuous discret model: the state SDE is discretly approximate by Ozaki method" alt="" coords="872,107,1000,133">
<area shape="rect" href="$class_s_r_k4___c_d___model.html" title="continuous discret model: the state SDE is discretly approximate by an Sstochastic..." alt="" coords="872,157,1000,184">
